#
# There is insufficient memory for the Java Runtime Environment to continue.
# Native memory allocation (mmap) failed to map 264241152 bytes. Error detail: G1 virtual space
# Possible reasons:
#   The system is out of physical RAM or swap space
#   This process is running with CompressedOops enabled, and the Java Heap may be blocking the growth of the native heap
# Possible solutions:
#   Reduce memory load on the system
#   Increase physical memory or swap space
#   Check if swap backing store is full
#   Decrease Java heap size (-Xmx/-Xms)
#   Decrease number of Java threads
#   Decrease Java thread stack sizes (-Xss)
#   Set larger code cache with -XX:ReservedCodeCacheSize=
#   JVM is running with Zero Based Compressed Oops mode in which the Java heap is
#     placed in the first 32GB address space. The Java Heap base address is the
#     maximum limit for the native heap growth. Please use -XX:HeapBaseMinAddress
#     to set the Java Heap base and to place the Java Heap above 32GB virtual address.
# This output file may be truncated or incomplete.
#
#  Out of Memory Error (os_windows.cpp:3702), pid=48120, tid=63980
#
# JRE version:  (17.0.20.1+1) (build )
# Java VM: OpenJDK 64-Bit Server VM (17.0.20.1+1-LTS, mixed mode, emulated-client, sharing, tiered, compressed oops, compressed class ptrs, g1 gc, windows-amd64)
# No core dump will be written. Minidumps are not enabled by default on client versions of Windows
#

---------------  S U M M A R Y ------------

Command Line: -XX:TieredStopAtLevel=1 -Dspring.output.ansi.enabled=always -javaagent:C:\Users\pentiumcity\IntelliJ IDEA 2025.3\lib\idea_rt.jar=60643 -Dfile.encoding=UTF-8 com.example.stockmanagementsystembackend.StockManagementSystemBackendApplication

Host: 13th Gen Intel(R) Core(TM) i7-13620H, 16 cores, 15G,  Windows 11 , 64 bit Build 26100 (10.0.26100.5074)
Time: Mon Sep 14 14:19:20 2026 Sri Lanka Standard Time elapsed time: 0.012180 seconds (0d 0h 0m 0s)

---------------  T H R E A D  ---------------

Current thread (0x00000179ef239d10):  JavaThread "Unknown thread" [_thread_in_vm, id=63980, stack(0x00000064a0900000,0x00000064a0a00000)]

Stack: [0x00000064a0900000,0x00000064a0a00000]
Native frames: (J=compiled Java code, j=interpreted, Vv=VM code, C=native code)
V  [jvm.dll+0x68d159]  (no source info available)
V  [jvm.dll+0x8462c9]  (no source info available)
V  [jvm.dll+0x84803b]  (no source info available)
V  [jvm.dll+0x8486c3]  (no source info available)
V  [jvm.dll+0x24d12f]  (no source info available)
V  [jvm.dll+0x68c559]  (no source info available)
V  [jvm.dll+0x68084a]  (no source info available)
V  [jvm.dll+0x3103f0]  (no source info available)
V  [jvm.dll+0x310292]  (no source info available)
V  [jvm.dll+0x317809]  (no source info available)
V  [jvm.dll+0x369b89]  (no source info available)
V  [jvm.dll+0x369dbd]  (no source info available)
V  [jvm.dll+0x2e6bfa]  (no source info available)
V  [jvm.dll+0x2e7b08]  (no source info available)
V  [jvm.dll+0x81906e]  (no source info available)
V  [jvm.dll+0x3777f1]  (no source info available)
V  [jvm.dll+0x7f7685]  (no source info available)
V  [jvm.dll+0x3fd64b]  (no source info available)
V  [jvm.dll+0x3ff281]  (no source info available)
C  [jli.dll+0x52f8]  (no source info available)
C  [ucrtbase.dll+0x37b0]  (no source info available)
C  [KERNEL32.DLL+0x2e8d7]  (no source info available)
C  [ntdll.dll+0x8d9c]  (no source info available)


---------------  P R O C E S S  ---------------

Threads class SMR info:
_java_thread_list=0x00007fff46677058, length=0, elements={
}

Java Threads: ( => current thread )

Other Threads:
  0x00000179ef2a9b60 GCTaskThread "GC Thread#0" [stack: 0x00000064a0a00000,0x00000064a0b00000] [id=26464]
  0x00000179ef2bb1d0 ConcurrentGCThread "G1 Main Marker" [stack: 0x00000064a0b00000,0x00000064a0c00000] [id=56728]
  0x00000179ef2bc390 ConcurrentGCThread "G1 Conc#0" [stack: 0x00000064a0c00000,0x00000064a0d00000] [id=50052]

[error occurred during error reporting (printing all threads), id 0xc0000005, EXCEPTION_ACCESS_VIOLATION (0xc0000005) at pc=0x00007fff45e27737]

VM state: not at safepoint (not fully initialized)

VM Mutex/Monitor currently owned by a thread:  ([mutex/lock_event])
[0x00000179ef238390] Heap_lock - owner thread: 0x00000179ef239d10

Heap address: 0x0000000705c00000, size: 4004 MB, Compressed Oops mode: Zero based, Oop shift amount: 3

CDS archive(s) mapped at: [0x0000000000000000-0x0000000000000000-0x0000000000000000), size 0, SharedBaseAddress: 0x0000000800000000, ArchiveRelocationMode: 1.
Narrow klass base: 0x0000000000000000, Narrow klass shift: 0, Narrow klass range: 0x0

GC Precious Log:
<Empty>

Heap:
 garbage-first heap   total 0K, used 0K [0x0000000705c00000, 0x0000000800000000)
  region size 2048K, 0 young (0K), 0 survivors (0K)

[error occurred during error reporting (printing heap information), id 0xc0000005, EXCEPTION_ACCESS_VIOLATION (0xc0000005) at pc=0x00007fff46219229]

GC Heap History (0 events):
No events

Dll operation events (1 events):
Event: 0.006 Loaded shared library C:\Users\pentiumcity\.jdks\ms-17.0.20.1\bin\java.dll

Deoptimization events (0 events):
No events

Classes loaded (0 events):
No events

Classes unloaded (0 events):
No events

Classes redefined (0 events):
No events

Internal exceptions (0 events):
No events

VM Operations (0 events):
No events

Memory protections (0 events):
No events

Nmethod flushes (0 events):
No events

Events (0 events):
No events


Dynamic libraries:
0x00007ff75d100000 - 0x00007ff75d10e000 	C:\Users\pentiumcity\.jdks\ms-17.0.20.1\bin\java.exe
0x00007ff81fc20000 - 0x00007ff81fe89000 	C:\WINDOWS\SYSTEM32\ntdll.dll
0x00007ff81e700000 - 0x00007ff81e7c9000 	C:\WINDOWS\System32\KERNEL32.DLL
0x00007ff81d1c0000 - 0x00007ff81d5b3000 	C:\WINDOWS\System32\KERNELBASE.dll
0x00007ff81cdb0000 - 0x00007ff81cefb000 	C:\WINDOWS\System32\ucrtbase.dll
0x00007ff8093f0000 - 0x00007ff809408000 	C:\Users\pentiumcity\.jdks\ms-17.0.20.1\bin\jli.dll
0x00007ffffcdd0000 - 0x00007ffffcdee000 	C:\Users\pentiumcity\.jdks\ms-17.0.20.1\bin\VCRUNTIME140.dll
0x00007ff81e520000 - 0x00007ff81e6e4000 	C:\WINDOWS\System32\USER32.dll
0x00007ff81d900000 - 0x00007ff81d927000 	C:\WINDOWS\System32\win32u.dll
0x00007ff8002c0000 - 0x00007ff800553000 	C:\WINDOWS\WinSxS\amd64_microsoft.windows.common-controls_6595b64144ccf1df_6.0.26100.5074_none_3e0d6f78e32fd63f\COMCTL32.dll
0x00007ff81fa70000 - 0x00007ff81fb19000 	C:\WINDOWS\System32\msvcrt.dll
0x00007ff81e440000 - 0x00007ff81e46b000 	C:\WINDOWS\System32\GDI32.dll
0x00007ff81d5c0000 - 0x00007ff81d6ed000 	C:\WINDOWS\System32\gdi32full.dll
0x00007ff81cf00000 - 0x00007ff81cfa3000 	C:\WINDOWS\System32\msvcp_win.dll
0x00007ff81eeb0000 - 0x00007ff81eedf000 	C:\WINDOWS\System32\IMM32.DLL
0x00007ff810e80000 - 0x00007ff810e8c000 	C:\Users\pentiumcity\.jdks\ms-17.0.20.1\bin\vcruntime140_1.dll
0x00007fffc6fa0000 - 0x00007fffc7029000 	C:\Users\pentiumcity\.jdks\ms-17.0.20.1\bin\msvcp140.dll
0x00007fff45b30000 - 0x00007fff467ab000 	C:\Users\pentiumcity\.jdks\ms-17.0.20.1\bin\server\jvm.dll
0x00007ff81fb20000 - 0x00007ff81fbd4000 	C:\WINDOWS\System32\ADVAPI32.dll
0x00007ff81e470000 - 0x00007ff81e516000 	C:\WINDOWS\System32\sechost.dll
0x00007ff81d9f0000 - 0x00007ff81db08000 	C:\WINDOWS\System32\RPCRT4.dll
0x00007ff81ed70000 - 0x00007ff81ede4000 	C:\WINDOWS\System32\WS2_32.dll
0x00007ff81cc10000 - 0x00007ff81cc6e000 	C:\WINDOWS\SYSTEM32\POWRPROF.dll
0x00007ff805ac0000 - 0x00007ff805acb000 	C:\WINDOWS\SYSTEM32\VERSION.dll
0x00007ff80f3a0000 - 0x00007ff80f3d5000 	C:\WINDOWS\SYSTEM32\WINMM.dll
0x00007ff81cbf0000 - 0x00007ff81cc04000 	C:\WINDOWS\SYSTEM32\UMPDC.dll
0x00007ff81bb90000 - 0x00007ff81bbab000 	C:\WINDOWS\SYSTEM32\kernel.appcore.dll
0x00007ff80a900000 - 0x00007ff80a90a000 	C:\Users\pentiumcity\.jdks\ms-17.0.20.1\bin\jimage.dll
0x00007ff81a550000 - 0x00007ff81a792000 	C:\WINDOWS\SYSTEM32\DBGHELP.DLL
0x00007ff81f590000 - 0x00007ff81f90b000 	C:\WINDOWS\System32\combase.dll
0x00007ff81e260000 - 0x00007ff81e337000 	C:\WINDOWS\System32\OLEAUT32.dll
0x00007ffff3580000 - 0x00007ffff35bd000 	C:\WINDOWS\SYSTEM32\dbgcore.DLL
0x00007ff81cfb0000 - 0x00007ff81d049000 	C:\WINDOWS\System32\bcryptPrimitives.dll
0x00007ffff88b0000 - 0x00007ffff88bf000 	C:\Users\pentiumcity\.jdks\ms-17.0.20.1\bin\instrument.dll
0x00007ffff7160000 - 0x00007ffff7186000 	C:\Users\pentiumcity\.jdks\ms-17.0.20.1\bin\java.dll

dbghelp: loaded successfully - version: 4.0.5 - missing functions: none
symbol engine: initialized successfully - sym options: 0x614 - pdb path: .;C:\Users\pentiumcity\.jdks\ms-17.0.20.1\bin;C:\WINDOWS\SYSTEM32;C:\WINDOWS\WinSxS\amd64_microsoft.windows.common-controls_6595b64144ccf1df_6.0.26100.5074_none_3e0d6f78e32fd63f;C:\Users\pentiumcity\.jdks\ms-17.0.20.1\bin\server

VM Arguments:
jvm_args: -XX:TieredStopAtLevel=1 -Dspring.output.ansi.enabled=always -javaagent:C:\Users\pentiumcity\IntelliJ IDEA 2025.3\lib\idea_rt.jar=60643 -Dfile.encoding=UTF-8 
java_command: com.example.stockmanagementsystembackend.StockManagementSystemBackendApplication
java_class_path (initial): D:\SE Project\Backend\Stock-Management-System-Backend\build\classes\java\main;D:\SE Project\Backend\Stock-Management-System-Backend\build\resources\main;C:\Users\pentiumcity\.gradle\caches\modules-2\files-2.1\org.projectlombok\lombok\1.18.30\f195ee86e6c896ea47a1d39defbe20eb59cd149d\lombok-1.18.30.jar;C:\Users\pentiumcity\.gradle\caches\modules-2\files-2.1\org.springframework.boot\spring-boot-starter-validation\4.1.0\36c16acdbe1b86463616aeb218f18764c9baff2d\spring-boot-starter-validation-4.1.0.jar;C:\Users\pentiumcity\.gradle\caches\modules-2\files-2.1\org.springframework.boot\spring-boot-starter-restclient\4.1.0\2f23541ef00728c2406ba0714ee09d5ea63624c0\spring-boot-starter-restclient-4.1.0.jar;C:\Users\pentiumcity\.gradle\caches\modules-2\files-2.1\org.springframework.boot\spring-boot-starter-security\4.1.0\6993d3e5d7bcc0fb4e8e6aab775bc25b197ef814\spring-boot-starter-security-4.1.0.jar;C:\Users\pentiumcity\.gradle\caches\modules-2\files-2.1\org.springframework.boot\spring-boot-starter-webmvc\4.1.0\bbde05100fc621297f7dcb5246f631e5af390ef7\spring-boot-starter-webmvc-4.1.0.jar;C:\Users\pentiumcity\.gradle\caches\modules-2\files-2.1\org.springdoc\springdoc-openapi-starter-webmvc-ui\2.8.5\3cb90c2405edb9b0a841b8be06dff85810f6669\springdoc-openapi-starter-webmvc-ui-2.8.5.jar;C:\Users\pentiumcity\.gradle\caches\modules-2\files-2.1\org.springframework.boot\spring-boot-starter-thymeleaf\4.1.0\d3252bc119bc8a5cae3669324e3e13d4f25b6507\spring-boot-starter-thymeleaf-4.1.0.jar;C:\Users\pentiumcity\.gradle\caches\modules-2\files-2.1\com.openhtmltopdf\openhtmltopdf-pdfbox\1.0.10\4041442fda47e760985cea8005d51a830031420f\openhtmltopdf-pdfbox-1.0.10.jar;C:\Users\pentiumcity\.gradle\caches\modules-2\files-2.1\org.springframework.boot\spring-boot-starter-data-jpa\4.1.0\252e31911d5042a8ae811ad9bfc3e18ec4ac42a5\spring-boot-starter-data-jpa-4.1.0.jar;C:\Users\pentiumcity\.gradle\caches\modules-2\files-2.1\org.springframework.boot\spring-boot-starter-web\4.1.0\fdc
Launcher Type: SUN_STANDARD

[Global flags]
     intx CICompilerCount                          = 12                                        {product} {ergonomic}
     uint ConcGCThreads                            = 3                                         {product} {ergonomic}
     uint G1ConcRefinementThreads                  = 13                                        {product} {ergonomic}
   size_t G1HeapRegionSize                         = 2097152                                   {product} {ergonomic}
    uintx GCDrainStackTargetSize                   = 64                                        {product} {ergonomic}
   size_t InitialHeapSize                          = 264241152                                 {product} {ergonomic}
   size_t MarkStackSize                            = 4194304                                   {product} {ergonomic}
   size_t MaxHeapSize                              = 4198498304                                {product} {ergonomic}
   size_t MinHeapDeltaBytes                        = 2097152                                   {product} {ergonomic}
   size_t MinHeapSize                              = 8388608                                   {product} {ergonomic}
    uintx NonProfiledCodeHeapSize                  = 0                                      {pd product} {ergonomic}
     bool ProfileInterpreter                       = false                                  {pd product} {command line}
    uintx ProfiledCodeHeapSize                     = 0                                      {pd product} {ergonomic}
   size_t SoftMaxHeapSize                          = 4198498304                             {manageable} {ergonomic}
     intx TieredStopAtLevel                        = 1                                         {product} {command line}
     bool UseCompressedClassPointers               = true                           {product lp64_product} {ergonomic}
     bool UseCompressedOops                        = true                           {product lp64_product} {ergonomic}
     bool UseG1GC                                  = true                                      {product} {ergonomic}
     bool UseLargePagesIndividualAllocation        = false                                  {pd product} {ergonomic}

Logging:
Log output configuration:
 #0: stdout all=warning uptime,level,tags
 #1: stderr all=off uptime,level,tags

Environment Variables:
PATH=C:\Program Files\Common Files\Oracle\Java\javapath;C:\WINDOWS\system32;C:\WINDOWS;C:\WINDOWS\System32\Wbem;C:\WINDOWS\System32\WindowsPowerShell\v1.0\;C:\WINDOWS\System32\OpenSSH\;C:\Program Files\dotnet\;C:\Program Files\Common Files\Autodesk Shared\;C:\Program Files\Microsoft SQL Server\150\Tools\Binn\;C:\Program Files (x86)\Microsoft SQL Server\170\Tools\Binn\;C:\Program Files\Microsoft SQL Server\170\Tools\Binn\;C:\Program Files\Microsoft SQL Server\Client SDK\ODBC\180\Tools\Binn\;C:\Program Files\Microsoft SQL Server\170\DTS\Binn\;C:\Program Files (x86)\Microsoft SQL Server\160\Tools\Binn\;C:\Program Files\Microsoft SQL Server\160\Tools\Binn\;C:\Program Files\Microsoft SQL Server\Client SDK\ODBC\170\Tools\Binn\;C:\Program Files\Microsoft SQL Server\160\DTS\Binn\;C:\Program Files\Git\cmd;C:\Program Files\nodejs\;C:\Program Files\MySQL\MySQL Shell 8.0\bin\;C:\Users\pentiumcity\AppData\Local\Programs\Python\Python314\Scripts\;C:\Users\pentiumcity\AppData\Local\Programs\Python\Python314\;C:\Users\pentiumcity\AppData\Local\Microsoft\WindowsApps;C:\Users\pentiumcity\AppData\Local\Programs\Microsoft VS Code\bin;C:\Users\pentiumcity\AppData\Local\GitHubDesktop\bin;C:\Users\pentiumcity\AppData\Roaming\npm
USERNAME=pentiumcity
OS=Windows_NT
PROCESSOR_IDENTIFIER=Intel64 Family 6 Model 186 Stepping 2, GenuineIntel
TMP=C:\Users\PENTIU~1\AppData\Local\Temp
TEMP=C:\Users\PENTIU~1\AppData\Local\Temp



Periodic native trim disabled


---------------  S Y S T E M  ---------------

OS:
 Windows 11 , 64 bit Build 26100 (10.0.26100.5074)
OS uptime: 28 days 5:17 hours

CPU: total 16 (initial active 16) (8 cores per cpu, 2 threads per core) family 6 model 186 stepping 2 microcode 0x4122, cx8, cmov, fxsr, ht, mmx, 3dnowpref, sse, sse2, sse3, ssse3, sse4.1, sse4.2, popcnt, lzcnt, tsc, tscinvbit, avx, avx2, aes, erms, clmul, bmi1, bmi2, adx, sha, fma, vzeroupper, clflush, clflushopt, clwb
Processor Information for processor 0
  Max Mhz: 2400, Current Mhz: 2400, Mhz Limit: 2400
Processor Information for processor 1
  Max Mhz: 2400, Current Mhz: 2400, Mhz Limit: 2400
Processor Information for processor 2
  Max Mhz: 2400, Current Mhz: 2400, Mhz Limit: 2400
Processor Information for processor 3
  Max Mhz: 2400, Current Mhz: 1520, Mhz Limit: 2400
Processor Information for processor 4
  Max Mhz: 2400, Current Mhz: 2400, Mhz Limit: 2400
Processor Information for processor 5
  Max Mhz: 2400, Current Mhz: 2400, Mhz Limit: 2400
Processor Information for processor 6
  Max Mhz: 2400, Current Mhz: 2400, Mhz Limit: 2400
Processor Information for processor 7
  Max Mhz: 2400, Current Mhz: 2400, Mhz Limit: 2400
Processor Information for processor 8
  Max Mhz: 2400, Current Mhz: 2400, Mhz Limit: 2400
Processor Information for processor 9
  Max Mhz: 2400, Current Mhz: 2400, Mhz Limit: 2400
Processor Information for processor 10
  Max Mhz: 2400, Current Mhz: 2400, Mhz Limit: 2400
Processor Information for processor 11
  Max Mhz: 2400, Current Mhz: 2400, Mhz Limit: 2400
Processor Information for processor 12
  Max Mhz: 2400, Current Mhz: 2400, Mhz Limit: 2400
Processor Information for processor 13
  Max Mhz: 2400, Current Mhz: 2400, Mhz Limit: 2400
Processor Information for processor 14
  Max Mhz: 2400, Current Mhz: 1466, Mhz Limit: 2400
Processor Information for processor 15
  Max Mhz: 2400, Current Mhz: 2400, Mhz Limit: 2400

Memory: 4k page, system-wide physical 16008M (2338M free)
TotalPageFile size 22477M (AvailPageFile size 16M)
current process WorkingSet (physical memory assigned to process): 12M, peak: 12M
current process commit charge ("private bytes"): 66M, peak: 318M

vm_info: OpenJDK 64-Bit Server VM (17.0.20.1+1-LTS) for windows-amd64 JRE (17.0.20.1+1-LTS), built on Aug 11 2026 20:17:22 by "MicrosoftCorporation" with MS VC++ 17.14 (VS2022)

END.
